// Jest Snapshot v1, https://goo.gl/fbAQLP

exports[`Matches snapshot 1`] = `
<div
  className="row"
  style={
    Object {
      "marginTop": 30,
      "width": "100%",
    }
  }
>
  <div
    className="col-lg-4 col-md-6 col-sm-12 col-xs-12"
  >
    <h5>
      Alta conductor
    </h5>
    <p>
      Ingrese datos correspondientes
    </p>
    <form
      className="form-group"
      onSubmit={[Function]}
      style={
        Object {
          "margin": 40,
        }
      }
    >
      <div
        className="form-group"
      >
        <input
          className="form-control"
          data-testid="input"
          onChange={[Function]}
          placeholder="Nombre"
          type="text"
        />
      </div>
      <div
        className="form-group"
      >
        <input
          className="form-control"
          data-testid="input"
          onChange={[Function]}
          placeholder="Edad"
          type="text"
        />
      </div>
      <div
        className="form-group"
      >
        <input
          className="form-control"
          data-testid="input"
          onChange={[Function]}
          placeholder="Telefono"
          type="text"
        />
      </div>
      <div
        className="form-group"
      >
        <input
          className="form-control"
          data-testid="input"
          onChange={[Function]}
          placeholder="Email"
          type="text"
        />
      </div>
      <div
        className="form-group"
      >
        <input
          className="form-control"
          data-testid="input"
          onChange={[Function]}
          placeholder="Modelo"
          type="text"
        />
      </div>
      <div
        className="form-group"
      >
        <input
          className="form-control"
          data-testid="input"
          onChange={[Function]}
          placeholder="Año"
          type="text"
        />
      </div>
      <button
        className="btn btn-primary mb-2"
        data-testid="button"
        style={
          Object {
            "width": "100%",
          }
        }
        type="submit"
      >
        Enviar
      </button>
    </form>
  </div>
  <div
    className="col-lg-6 col-md-4 col-sm-12 col-xs-12"
    style={
      Object {
        "backgroundImage": "url(../../../assets/images/uber.png)",
        "height": 500,
      }
    }
  />
</div>
`;
